arm-none-eabi-gcc -o "nucleo-h7-setup.elf" @"objects.list"   -mcpu=cortex-m7 -T"/home/linux/Documents/beargotchi/h7/nucleo-h7-setup/STM32H723ZGTX_FLASH.ld" --specs=nosys.specs -Wl,-Map="nucleo-h7-setup.map" -Wl,--gc-sections -static --specs=nano.specs -mfpu=fpv5-d16 -mfloat-abi=hard -mthumb -Wl,--start-group -lc -lm -Wl,--end-group
Finished building target: nucleo-h7-setup.elf
 
arm-none-eabi-size   nucleo-h7-setup.elf 
arm-none-eabi-objdump -h -S  nucleo-h7-setup.elf  > "nucleo-h7-setup.list"
   text	   data	    bss	    dec	    hex	filename
  24424	    216	   1968	  26608	   67f0	nucleo-h7-setup.elf
Finished building: default.size.stdout
 
Finished building: nucleo-h7-setup.list
 

00:05:01 Build Finished. 0 errors, 0 warnings. (took 3s.272ms)

00:05:03 **** Incremental Build of configuration Debug for project nucleo-h7-setup ****
make -j8 all 
arm-none-eabi-size   nucleo-h7-setup.elf 
   text	   data	    bss	    dec	    hex	filename
  24424	    216	   1968	  26608	   67f0	nucleo-h7-setup.elf
Finished building: default.size.stdout
 
00:05:07 **** Incremental Build of configuration Debug for project nucleo-h7-setup ****
make -j8 all 
arm-none-eabi-size   nucleo-h7-setup.elf 
   text	   data	    bss	    dec	    hex	filename
  24424	    216	   1968	  26608	   67f0	nucleo-h7-setup.elf
Finished building: default.size.stdout
 
00:05:19 **** Incremental Build of configuration Debug for project nucleo-h7-setup ****
make -j8 all 
arm-none-eabi-size   nucleo-h7-setup.elf 
   text	   data	    bss	    dec	    hex	filename
  24424	    216	   1968	  26608	   67f0	nucleo-h7-setup.elf
Finished building: default.size.stdout
 
00:06:34 **** Incremental Build of configuration Debug for project nucleo-h7-setup ****
make -j8 all 
arm-none-eabi-size   nucleo-h7-setup.elf 
   text	   data	    bss	    dec	    hex	filename
  24424	    216	   1968	  26608	   67f0	nucleo-h7-setup.elf
Finished building: default.size.stdout
 
00:11:32 **** Incremental Build of configuration Debug for project nucleo-h7-setup ****
make -j8 all 
arm-none-eabi-gcc "../Core/Src/main.c" -mcpu=cortex-m7 -std=gnu11 -g3 -DDEBUG -DUSE_HAL_DRIVER -DSTM32H723xx -c -I../Core/Inc -I../Drivers/STM32H7xx_HAL_Driver/Inc -I../Drivers/STM32H7xx_HAL_Driver/Inc/Legacy -I../Drivers/CMSIS/Device/ST/STM32H7xx/Include -I../Drivers/CMSIS/Include -O0 -ffunction-sections -fdata-sections -Wall -fstack-usage -fcyclomatic-complexity -MMD -MP -MF"Core/Src/main.d" -MT"Core/Src/main.o" --specs=nano.specs -mfpu=fpv5-d16 -mfloat-abi=hard -mthumb -o "Core/Src/main.o"
arm-none-eabi-gcc -o "nucleo-h7-setup.elf" @"objects.list"   -mcpu=cortex-m7 -T"/home/linux/Documents/beargotchi/h7/nucleo-h7-setup/STM32H723ZGTX_FLASH.ld" --specs=nosys.specs -Wl,-Map="nucleo-h7-setup.map" -Wl,--gc-sections -static --specs=nano.specs -mfpu=fpv5-d16 -mfloat-abi=hard -mthumb -Wl,--start-group -lc -lm -Wl,--end-group
Finished building target: nucleo-h7-setup.elf
 
arm-none-eabi-size   nucleo-h7-setup.elf 
arm-none-eabi-objdump -h -S  nucleo-h7-setup.elf  > "nucleo-h7-setup.list"
   text	   data	    bss	    dec	    hex	filename
  24440	    216	   1968	  26624	   6800	nucleo-h7-setup.elf
Finished building: default.size.stdout
 
Finished building: nucleo-h7-setup.list
 
00:18:06 **** Incremental Build of configuration Debug for project nucleo-h7-setup ****
make -j8 all 
arm-none-eabi-gcc "../Core/Src/main.c" -mcpu=cortex-m7 -std=gnu11 -g3 -DDEBUG -DUSE_HAL_DRIVER -DSTM32H723xx -c -I../Core/Inc -I../Drivers/STM32H7xx_HAL_Driver/Inc -I../Drivers/STM32H7xx_HAL_Driver/Inc/Legacy -I../Drivers/CMSIS/Device/ST/STM32H7xx/Include -I../Drivers/CMSIS/Include -O0 -ffunction-sections -fdata-sections -Wall -fstack-usage -fcyclomatic-complexity -MMD -MP -MF"Core/Src/main.d" -MT"Core/Src/main.o" --specs=nano.specs -mfpu=fpv5-d16 -mfloat-abi=hard -mthumb -o "Core/Src/main.o"
arm-none-eabi-gcc -o "nucleo-h7-setup.elf" @"objects.list"   -mcpu=cortex-m7 -T"/home/linux/Documents/beargotchi/h7/nucleo-h7-setup/STM32H723ZGTX_FLASH.ld" --specs=nosys.specs -Wl,-Map="nucleo-h7-setup.map" -Wl,--gc-sections -static --specs=nano.specs -mfpu=fpv5-d16 -mfloat-abi=hard -mthumb -Wl,--start-group -lc -lm -Wl,--end-group
Finished building target: nucleo-h7-setup.elf
 
arm-none-eabi-size   nucleo-h7-setup.elf 
arm-none-eabi-objdump -h -S  nucleo-h7-setup.elf  > "nucleo-h7-setup.list"
   text	   data	    bss	    dec	    hex	filename
  24440	    216	   1968	  26624	   6800	nucleo-h7-setup.elf
Finished building: default.size.stdout
 
Finished building: nucleo-h7-setup.list
 
00:21:00 **** Incremental Build of configuration Debug for project nucleo-h7-setup ****
make -j8 all 
arm-none-eabi-gcc "../Core/Src/main.c" -mcpu=cortex-m7 -std=gnu11 -g3 -DDEBUG -DUSE_HAL_DRIVER -DSTM32H723xx -c -I../Core/Inc -I../Drivers/STM32H7xx_HAL_Driver/Inc -I../Drivers/STM32H7xx_HAL_Driver/Inc/Legacy -I../Drivers/CMSIS/Device/ST/STM32H7xx/Include -I../Drivers/CMSIS/Include -O0 -ffunction-sections -fdata-sections -Wall -fstack-usage -fcyclomatic-complexity -MMD -MP -MF"Core/Src/main.d" -MT"Core/Src/main.o" --specs=nano.specs -mfpu=fpv5-d16 -mfloat-abi=hard -mthumb -o "Core/Src/main.o"
arm-none-eabi-gcc -o "nucleo-h7-setup.elf" @"objects.list"   -mcpu=cortex-m7 -T"/home/linux/Documents/beargotchi/h7/nucleo-h7-setup/STM32H723ZGTX_FLASH.ld" --specs=nosys.specs -Wl,-Map="nucleo-h7-setup.map" -Wl,--gc-sections -static --specs=nano.specs -mfpu=fpv5-d16 -mfloat-abi=hard -mthumb -Wl,--start-group -lc -lm -Wl,--end-group
Finished building target: nucleo-h7-setup.elf
 
arm-none-eabi-size   nucleo-h7-setup.elf 
arm-none-eabi-objdump -h -S  nucleo-h7-setup.elf  > "nucleo-h7-setup.list"
   text	   data	    bss	    dec	    hex	filename
  24472	    216	   1968	  26656	   6820	nucleo-h7-setup.elf
Finished building: default.size.stdout
 
Finished building: nucleo-h7-setup.list
 
00:22:05 **** Incremental Build of configuration Debug for project nucleo-h7-setup ****
make -j8 all 
arm-none-eabi-gcc "../Core/Src/main.c" -mcpu=cortex-m7 -std=gnu11 -g3 -DDEBUG -DUSE_HAL_DRIVER -DSTM32H723xx -c -I../Core/Inc -I../Drivers/STM32H7xx_HAL_Driver/Inc -I../Drivers/STM32H7xx_HAL_Driver/Inc/Legacy -I../Drivers/CMSIS/Device/ST/STM32H7xx/Include -I../Drivers/CMSIS/Include -O0 -ffunction-sections -fdata-sections -Wall -fstack-usage -fcyclomatic-complexity -MMD -MP -MF"Core/Src/main.d" -MT"Core/Src/main.o" --specs=nano.specs -mfpu=fpv5-d16 -mfloat-abi=hard -mthumb -o "Core/Src/main.o"
arm-none-eabi-gcc -o "nucleo-h7-setup.elf" @"objects.list"   -mcpu=cortex-m7 -T"/home/linux/Documents/beargotchi/h7/nucleo-h7-setup/STM32H723ZGTX_FLASH.ld" --specs=nosys.specs -Wl,-Map="nucleo-h7-setup.map" -Wl,--gc-sections -static --specs=nano.specs -mfpu=fpv5-d16 -mfloat-abi=hard -mthumb -Wl,--start-group -lc -lm -Wl,--end-group
Finished building target: nucleo-h7-setup.elf
 
arm-none-eabi-size   nucleo-h7-setup.elf 
arm-none-eabi-objdump -h -S  nucleo-h7-setup.elf  > "nucleo-h7-setup.list"
   text	   data	    bss	    dec	    hex	filename
  24472	    216	   1968	  26656	   6820	nucleo-h7-setup.elf
Finished building: default.size.stdout
 
Finished building: nucleo-h7-setup.list
 
